// Jest Snapshot v1, https://goo.gl/fbAQLP

exports[`Debe renderizar el formulario de registro de usuario 1`] = `
<div>
  <form
    action="#"
    id="registrar"
  >
    <div
      class="row"
      id="fila2"
    />
    <div
      class="row"
      id="fila"
    >
      <div
        id="register_user_left"
      >
        <div
          class="col-12"
        >
          <label
            for="nombre"
            id="text"
          >
            Nombre:
          </label>
          <input
            class="form-control"
            name="nombre"
            placeholder="Nombre"
            type="text"
            value=""
          />
        </div>
      </div>
      <div
        id="register_user_right"
      >
        <div
          class="col-12"
        >
          <label
            for="apellido"
            id="text"
          >
            Apellido:
          </label>
          <input
            class="form-control"
            name="apellido"
            placeholder="Apellido"
            type="text"
            value=""
          />
        </div>
      </div>
    </div>
    <div
      class="row"
      id="fila2"
    >
      <div
        id="fila_unidad"
      >
        <div
          class="col-12"
        />
      </div>
      <div
        id="fila_unidad"
      >
        <div
          class="col-12"
        />
      </div>
    </div>
    <div
      class="row"
      id="fila"
    >
      <div
        id="register_user_left"
      >
        <div
          class="col-12"
        >
          <label
            for="email"
            id="text"
          >
            Correo Electrónico:
          </label>
          <input
            class="form-control"
            name="email"
            placeholder="correo@gmail.com"
            type="text"
            value=""
          />
        </div>
      </div>
      <div
        id="register_user_right"
      >
        <div
          class="col-12"
        >
          <label
            id="text"
          >
            Rol:
          </label>
          <select
            class="form-control"
            name="rol"
            placeholder="Seleccione un rol"
          >
            <option>
              Seleccione un rol
            </option>
            <option
              value="administrador"
            >
              Administrador
            </option>
            <option
              value="vendedor"
            >
              Vendedor
            </option>
          </select>
        </div>
      </div>
    </div>
    <div
      class="row"
      id="fila2"
    >
      <div
        id="fila_unidad"
      >
        <div
          class="col-12"
        />
      </div>
      <div
        id="fila_unidad"
      >
        <div
          class="col-12"
        />
      </div>
    </div>
    <div
      class="row"
      id="fila"
    >
      <div
        id="register_user_left"
      >
        <div
          class="col-12"
        >
          <label
            for="contrasenia"
            id="text"
          >
            Contraseña:
          </label>
          <input
            class="form-control"
            name="contrasenia"
            placeholder="********"
            type="password"
            value=""
          />
        </div>
      </div>
      <div
        id="register_user_right"
      >
        <div
          class="col-12"
        >
          <label
            for="confirmContrasenia"
            id="text"
          >
            Confirmar Contraseña:
          </label>
          <input
            class="form-control"
            name="confirmContrasenia"
            placeholder="********"
            type="password"
            value=""
          />
        </div>
      </div>
    </div>
    <div
      class="row"
      id="fila2"
    >
      <div
        id="fila_unidad"
      >
        <div
          class="col-12"
        />
      </div>
      <div
        id="fila_unidad"
      >
        <div
          class="col-12"
        />
      </div>
    </div>
    <div
      class="container-fluid"
      id="contenedor_boton"
    >
      <button
        class="btn btn-primary btn-block btn-lg"
        id="boton_registrar"
        type="submit"
      >
        Registrar
      </button>
    </div>
  </form>
</div>
`;
